Total Tests: 13
Passed Tests: 12
Failed Tests: 1
Skipped Tests: 0

Passed Tests in showslinger_user.Feature_Gift_Card: 12
Failed Tests in showslinger_user.Feature_Gift_Card: 1
Skipped Tests in showslinger_user.Feature_Gift_Card: 0

showslinger_user.Feature_Gift_Card - GiftCard_OpenUrlAndLogin - null - PASSED
showslinger_user.Feature_Gift_Card - GiftCard_001_CreateGiftCardFail - null - PASSED
showslinger_user.Feature_Gift_Card - GiftCard_002_CreateGiftCardNotAccessSuccess - null - PASSED
showslinger_user.Feature_Gift_Card - GiftCard_003_CreateGiftCardAccessSuccess - null - PASSED
showslinger_user.Feature_Gift_Card - BuyGiftCard_NeedAccessCode - null - PASSED
showslinger_user.Feature_Gift_Card - ApplyGiftCard_001_OpenUrlBoxOffice - null - PASSED
showslinger_user.Feature_Gift_Card - ApplyGiftCard_002_ApplyForBoxMultiGiftCardEventNotSupport - null - PASSED
showslinger_user.Feature_Gift_Card - ApplyGiftCard_003_ApplyForBoxMultiGiftCardOfficeSuccess - null - PASSED
showslinger_user.Feature_Gift_Card - ApplyGiftCard_004_ApplyForBoxMultiGiftCardTicketInvalid - null - PASSED
showslinger_user.Feature_Gift_Card - BuyGiftCard_NeedAccessCode_ForUseBuyOnline - null - PASSED
showslinger_user.Feature_Gift_Card - ApplyGiftCard_005_ApplyForBuyOnlineMultiGiftCardEventNotSupport - null - PASSED
showslinger_user.Feature_Gift_Card - ApplyGiftCard_006_ApplyForBuyOnlineMultiGiftCardOfficeSuccess - null - FAILED
showslinger_user.Feature_Gift_Card - ApplyGiftCard_007_ApplyForBuyOnlineMultiGiftCardTicketInvalid - null - PASSED
